<ul class="nav"><li><a class="child1-class" href="http://www.child1.com">child1</a></li><li><span>child3Label</span><ul><li><span>child3: List All</span></li></ul></li></ul>