<ul class="nav"><li><a class="child2-class" href="http://www.child2.com">child2</a></li><li><a class="child1-2-class" href="http://www.child1.com">child1</a></li><li><a class="child3-class" href="http://www.child3.com">child3</a></li><li><a class="child1-class" href="http://www.child1.com">child1</a></li></ul>