<ul class="nav"><li><a href="http://www.child1.com">child1</a></li><li><a href="http://www.child2.com">child2</a></li><li><a href="http://www.child3.com">child3</a></li></ul>